Summary of neutron import usage
    neutron/agent/common/config.py
        INTERFACE_DRIVER_OPTS
        register_agent_state_opts_helper
        register_interface_driver_opts_helper
        register_root_helper
        setup_logging
    neutron/agent/linux/interface.py
        OPTS
    neutron/agent/linux/ip_lib.py
        IPDevice
        IPWrapper
        device_exists
    neutron/agent/linux/utils.py
        execute
        replace_file
    neutron/agent/rpc.py
        PluginReportStateAPI
    neutron/api/extensions.py
        ExtensionDescriptor
        ExtensionMiddleware
        PluginAwareExtensionManager
        PluginAwareExtensionManager.get_instance
        ResourceExtension
    neutron/api/v2/attributes.py
        ATTR_NOT_SPECIFIED
        PLURALS.update
        RESOURCE_ATTRIBUTE_MAP
        RESOURCE_ATTRIBUTE_MAP.update
        convert_none_to_empty_dict
        convert_to_boolean
        convert_to_int
        convert_to_list
    neutron/api/v2/base.py
        FAULT_MAP
        create_resource
    neutron/api/v2/resource.py
        Resource
    neutron/api/v2/resource_helper.py
        build_plural_mappings
        build_resource_info
    neutron/callbacks/events.py
        BEFORE_DELETE
    neutron/callbacks/registry.py
        subscribe
        unsubscribe
    neutron/callbacks/resources.py
        PORT
        SUBNET
    neutron/common/config.py
        init
        load_paste_app
    neutron/common/constants.py
        AGENT_TYPE_LOADBALANCER
        DEVICE_OWNER_LOADBALANCER
        DEVICE_OWNER_LOADBALANCERV2
        LBAAS_AGENT_SCHEDULER_EXT_ALIAS
    neutron/common/exceptions.py
        BadRequest
        Conflict
        InUse
        Invalid
        IpAddressGenerationFailure
        IpAddressInUse
        NeutronException
        NotAuthorized
        NotFound
        PortNotFound
        PreexistingDeviceFailure
        ServicePortInUse
        SubnetInUse
    neutron/common/rpc.py
        Service
        create_connection
        get_client
    neutron/common/topics.py
        LOADBALANCER_AGENT
        LOADBALANCER_PLUGIN
    neutron/common/utils.py
        ensure_dir
        synchronized
    neutron/db/agents_db.py
        Agent
        AgentExtRpcCallback
    neutron/db/agentschedulers_db.py
        AgentSchedulerDbMixin
    neutron/db/common_db_mixin.py
        CommonDbMixin
    neutron/db/l3_db.py
        FloatingIP
    neutron/db/migration
        LIBERTY
        alter_enum
    neutron/db/migration/cli.py
        CONTRACT_BRANCH
        EXPAND_BRANCH
    neutron/db/model_base.py
        BASEV2
        BASEV2.__table_args__
        BASEV2.metadata
    neutron/db/models_v2.py
        HasId
        HasStatusDescription
        HasTenant
        IPAllocation
        Port
    neutron/db/servicetype_db.py
        ProviderResourceAssociation
        ProviderResourceAssociation.resource_id
        ServiceTypeManager
        ServiceTypeManager._instance
        ServiceTypeManager.get_instance
    neutron/extensions/agent.py
        AgentNotFound
        RESOURCE_ATTRIBUTE_MAP
    neutron/extensions/portbindings.py
        HOST_ID
    neutron/i18n.py
        _
        _LE
        _LI
        _LW
    neutron/plugins/common/constants.py
        ACTIVE
        ACTIVE_PENDING_STATUSES
        ERROR
        INACTIVE
        LOADBALANCER
        LOADBALANCERV2
        PENDING_CREATE
        PENDING_DELETE
        PENDING_UPDATE
    neutron/services/provider_configuration.py
        DefaultServiceProviderNotFound
        ProviderConfiguration
        ServiceProviderNotFound
        get_provider_driver_class
        normalize_provider_name
    neutron/services/service_base.py
        ServicePluginBase
        load_drivers
    neutron/tests/base.py
        BaseTestCase
    neutron/tests/common/helpers.py
        _register_agent
    neutron/tests/unit/api/test_extensions.py
        setup_extensions_middleware
    neutron/tests/unit/api/v2/test_base.py
        _get_path
    neutron/tests/unit/db/test_agentschedulers_db.py
        AgentSchedulerTestMixIn
    neutron/tests/unit/db/test_db_base_plugin_v2.py
        NeutronDbPluginV2TestCase
        optional_ctx
    neutron/tests/unit/extensions
        PluginAwareExtensionManager.get_instance
    neutron/tests/unit/extensions/base.py
        ExtensionTestCase
    neutron/tests/unit/extensions/test_agent.py
        AgentDBTestMixIn
        LBAAS_HOSTA
        LBAAS_HOSTB
    neutron/tests/unit/extensions/test_quotasv2.py
        QuotaExtensionTestCase
    neutron/tests/unit/testlib_api.py
        SubDictMatch
        WebTestCase
        create_request
